$ docker build --build-arg APP_VERSION=local -t calculator:local .
#2 DONE 2.9s
#4 [internal] load .dockerignore
#4 DONE 0.0s
#5 [internal] load build context
#5 DONE 0.0s
#6 DONE 8.3s
#6 DONE 8.8s
#6 DONE 8.8s
#7 [2/6] WORKDIR /app
#7 DONE 0.2s
#8 [3/6] COPY requirements.txt .
#8 DONE 0.0s
#9 [4/6] RUN pip install --no-cache-dir -r requirements.txt
#9 DONE 2.2s
#10 [5/6] COPY app/ app/
#10 DONE 0.0s
#11 [6/6] RUN useradd --create-home appuser
#11 DONE 0.1s
#12 naming to docker.io/library/calculator:local done
#12 DONE 0.2s
$ docker images calculator
IMAGE              ID             DISK USAGE   CONTENT SIZE   EXTRA
calculator:local   82daf498b355        213MB         45.7MB        
